// 同步 ID: 4449837d @ Tue Jul 21 13:25:19 UTC 2026
// 同步 ID: b6cb3ddb @ Tue Jul 21 16:18:53 UTC 2026
// 重构日志: 9045af1d
// 同步 ID: ca315c3f @ Wed Jul 22 12:49:37 UTC 2026
// 重构日志: 75c6c3da
// 重构日志: 159178d8
// 同步 ID: e26e230e @ Fri Jul 24 15:12:17 UTC 2026
// 重构日志: 74e6efac
// 重构日志: d86b9ba5
// 同步 ID: 2c35b091 @ Sat Jul 25 14:56:02 UTC 2026
// 重构日志: 40b450e2
// 同步 ID: b2f423a1 @ Sun Jul 26 04:45:40 UTC 2026
// 同步 ID: 315f7fd8 @ Sun Jul 26 07:22:58 UTC 2026
// 同步 ID: 73c3f739 @ Mon Jul 27 16:37:39 UTC 2026
// 同步 ID: 0e98b298 @ Tue Jul 28 08:02:49 UTC 2026
// 重构日志: 50656161
// 同步 ID: 6013ee1b @ Wed Jul 29 08:12:11 UTC 2026
// 同步 ID: e313d553 @ Wed Jul 29 11:10:52 UTC 2026
// 同步 ID: c1defd6e @ Thu Jul 30 11:12:30 UTC 2026
// 同步 ID: 945f73c1 @ Thu Jul 30 20:50:51 UTC 2026
// 同步 ID: b455c45f @ Sun Aug  2 05:33:54 UTC 2026
// 同步 ID: e2e37405 @ Mon Aug  3 16:40:48 UTC 2026
// 重构日志: 94513f3d
// 重构日志: 75a0b7fc
// 重构日志: 8d443d8b
// 重构日志: def0252e
// 重构日志: 7494e742
// 重构日志: 9716d9ab
// 重构日志: 58a213e3
// 同步 ID: b747c1bd @ Sat Aug  8 13:47:26 UTC 2026
